 * Serving Flask app 'app'
 * Debug mode: on
WARNING: This is a development server. Do not use it in a production deployment. Use a production WSGI server instead.
 * Running on http://127.0.0.1:5000
Press CTRL+C to quit
 * Restarting with stat
 * Debugger is active!
 * Debugger PIN: 735-632-659
 * Detected change in 'C:\\Users\\DELL\\OneDrive\\Documents\\Desktop\\AI SKILL GAP ANALYZER\\Ai-skill-gap-analyzer\\app.py', reloading
 * Restarting with stat
2026-09-22 15:00:30,448 [WARNING] werkzeug:  * Debugger is active!
2026-09-22 15:00:30,534 [INFO] werkzeug:  * Debugger PIN: 735-632-659
2026-09-22 15:13:17,217 [INFO] werkzeug:  * Detected change in 'C:\\Users\\DELL\\OneDrive\\Documents\\Desktop\\AI SKILL GAP ANALYZER\\Ai-skill-gap-analyzer\\services\\ai_service.py', reloading
 * Restarting with stat
Traceback (most recent call last):
  File "C:\Users\DELL\OneDrive\Documents\Desktop\AI SKILL GAP ANALYZER\Ai-skill-gap-analyzer\app.py", line 25, in <module>
    from services.ai_service import validate_and_sanitize, stream_response, generate_response
ImportError: cannot import name 'stream_response' from 'services.ai_service' (C:\Users\DELL\OneDrive\Documents\Desktop\AI SKILL GAP ANALYZER\Ai-skill-gap-analyzer\services\ai_service.py)
st recent call last):
  File "C:\Users\DELL\OneDrive\Documents\Desktop\AI SKILL GAP ANALYZER\Ai-skill-gap-analyzer\app.py", line 25, in <module>
    from services.ai_service import validate_and_sanitize, stream_response, generate_response
ImportError: cannot import name 'stream_response' from 'services.ai_service' (C:\Users\DELL\OneDrive\Documents\Desktop\AI SKILL GAP ANALYZER\Ai-skill-gap-analyzer\services\ai_service.py)
